UPDATE `titres` SET `definition` = 'مصاريف التطوير و الأبحاث و الدراسات' WHERE `titres`.`id_titre` = 123;
UPDATE `portefeuille` SET `ministere` = 'الآشغال العمومية و المنشآت القاعدية' WHERE `portefeuille`.`code` = '024';
UPDATE `programme` SET `designation` = 'المنشئات الآساسية للطرق والطرق السيارة' WHERE `programme`.`id` = 61;
ALTER TABLE `company` CHANGE `ministere_fr` `ministere_fr` VARCHAR(100) CHARACTER SET utf8 COLLATE utf8_general_ci NOT NULL;
ALTER TABLE `company` CHANGE `direction_fr` `direction_fr` VARCHAR(100) CHARACTER SET utf8 COLLATE utf8_general_ci NOT NULL; 
ALTER TABLE `payments` CHANGE `num` `num` VARCHAR(100) CHARACTER SET utf8 COLLATE utf8_general_ci NULL;
ALTER TABLE `operations` ADD `sous_action` VARCHAR(100) NULL AFTER `activite`;

UPDATE `programme` SET `designation` = 'التعليم' WHERE `programme`.`id` = 1;
UPDATE programme SET designation ="التعليم القاعدي و التحضيري" WHERE id=7;
UPDATE programme SET designation ="التعليم المتوسط العادي و المتخصص" WHERE id=8;
UPDATE programme SET designation ="التعليم الثانوي العادي و المتخصص و عن بعد" WHERE id=9;

INSERT INTO `portefeuille` VALUES ('051', 'الري',"");
INSERT INTO `programme` VALUES (NULL, '143','الإدارة العامة',"",NULL,"");
UPDATE `programme` SET portefeuille = "051" WHERE code > 92 and code < 97;
UPDATE `programme` SET portefeuille = "051" WHERE code = 143;

UPDATE programme SET designation = REPLACE (designation, 'منشئات', 'منشآت')
WHERE designation LIKE '%منشئات%';

UPDATE programme SET designation = REPLACE (designation, 'منشات', 'منشآت')
WHERE designation LIKE '%منشات%';

UPDATE programme SET designation = REPLACE (designation, 'مشأت', 'منشآت')
WHERE designation LIKE '%مشأت%';

UPDATE `programme` SET portefeuille = "051" WHERE code > 92 and code < 97;

ALTER TABLE `payments` ADD `num_mondat` VARCHAR(100) NULL AFTER `num_visa`, ADD `date_mondat` DATE NULL AFTER `num_mondat`;

UPDATE `programme` SET `designation` = 'التعليم' WHERE `programme`.`id` = 1;
UPDATE programme SET designation ="التعليم القاعدي و التحضيري" WHERE id=7;
UPDATE programme SET designation ="التعليم المتوسط العادي و المتخصص" WHERE id=8;
UPDATE programme SET designation ="التعليم الثانوي العادي و المتخصص و عن بعد" WHERE id=9;

****************************************** FR **************************************************
ALTER TABLE `company` ADD `lang` VARCHAR(3) NOT NULL AFTER `license`;
ALTER TABLE `portefeuille` ADD `ministere_fr` TEXT NULL AFTER `ministere`;
ALTER TABLE `programme` ADD `designation_fr` TEXT NULL AFTER `designation`;
ALTER TABLE `titres` ADD `definition_fr` TEXT NULL AFTER `definition`;
ALTER TABLE `operations` CHANGE `intitule_ar` `intitule_ar` TEXT CHARACTER SET utf8 COLLATE utf8_general_ci NULL;



UPDATE `programme` SET `designation_fr` = 'Enseignement' WHERE `programme`.`id` = 1;
UPDATE programme SET designation_fr ="Enseignement préparatoire et primaire" WHERE id=7;
UPDATE programme SET designation_fr ="Enseignement moyen normal et spécifique et à distance" WHERE id=8;
UPDATE programme SET designation_fr ="Enseignement Secondaire normal et spécifique et à distance" WHERE id=9;
UPDATE `portefeuille` SET `ministere_fr` = 'Hydraulique' WHERE `portefeuille`.`code` = '051';


****** MIIIIIIILAAAAAAAA *****
ALTER TABLE `operations` ADD `order_ville` TEXT NULL AFTER `user_id`;



ALTER TABLE `company` CHANGE `compte_tresor` `compte_tresor` TEXT CHARACTER SET utf8 COLLATE utf8_general_ci NOT NULL;
UPDATE `company` SET `compte_tresor` = 'الخزينة RIB : 008 43001 424444 3 00150 \r\nالخزينة RIP : 007 99999 0000 3 0005507 ' WHERE `company`.`id_comp` = 1;

ALTER TABLE `payments` ADD `rev1_done` DOUBLE NULL AFTER `avan_done`, ADD `rev2_done` DOUBLE NULL AFTER `rev1_done`;

UPDATE programme SET designation = REPLACE (designation, 'منشئات', 'منشآت')
WHERE designation LIKE '%منشئات%';

UPDATE programme SET designation = REPLACE (designation, 'منشات', 'منشآت')
WHERE designation LIKE '%منشات%';;

UPDATE programme SET designation = REPLACE (designation, 'مشأت', 'منشآت')
WHERE designation LIKE '%مشأت%';

ALTER TABLE `deals` ADD `signed` DATE NULL AFTER `user_id`, ADD `visa_cmw` DATE NULL AFTER `signed`;
ALTER TABLE `deals` ADD `num_cmw` TEXT NULL AFTER `signed`;
ALTER TABLE `entreprises` ADD `adresse` TEXT NULL AFTER `nature`;

ALTER TABLE `ods` CHANGE `extra_type` `extra_type` TEXT CHARACTER SET utf8 COLLATE utf8_general_ci NULL;






********* OUARGLA ********************


ALTER TABLE `ods` ADD `ods_date0` DATE NULL AFTER `ods_date`;
ALTER TABLE `ods` CHANGE `ods_date` `ods_date` DATE NULL;
UPDATE ods SET ods_date0 = ods_date;